[root@dc-core-db-02 ~]# /bin/netstat -in
Kernel Interface table
Iface      MTU    RX-OK RX-ERR RX-DRP RX-OVR    TX-OK TX-ERR TX-DRP TX-OVR Flg
enccw0.0  1500 54391358248      0      0 0      87869038961      0      0      0 BMRU
enccw0.0  1500      - no statistics available -                        BMRU
enccw0.0  1500      - no statistics available -                        BMRU
enccw0.0  8992 8617703552      0      0 0      8809538882      0      0      0 BMRU
enccw0.0  8992      - no statistics available -                        BMRU
enccw0.0  8992 8617789343      0      0 0      8807823707      0      0      0 BMRU
enccw0.0  8992      - no statistics available -                        BMRU
enccw0.0  8192  1099024      0      0 0        963236      0      0      0 BMRU
lo       16384 1708297906      0      0 0      1708297906      0      0      0 LRU

===============
[root@dc-core-db-02 ~]# ifconfig
enccw0.0.0600: flags=4163<UP,BROADCAST,RUNNING,MULTICAST>  mtu 1500
        inet 10.100.1.11  netmask 255.255.255.0  broadcast 10.100.1.255
        inet6 fe80::2ff:fe20:1  prefixlen 64  scopeid 0x20<link>
        ether 02:00:02:20:00:01  txqueuelen 1000  (Ethernet)
        RX packets 54391733782  bytes 9821487562935 (8.9 TiB)
        RX errors 0  dropped 0  overruns 0  frame 0
        TX packets 87869557113  bytes 80385792844182 (73.1 TiB)
        TX errors 0  dropped 0 overruns 0  carrier 0  collisions 0

enccw0.0.0600:1: flags=4163<UP,BROADCAST,RUNNING,MULTICAST>  mtu 1500
        inet 10.100.1.13  netmask 255.255.255.0  broadcast 10.100.1.255
        ether 02:00:02:20:00:01  txqueuelen 1000  (Ethernet)

enccw0.0.0600:2: flags=4163<UP,BROADCAST,RUNNING,MULTICAST>  mtu 1500
        inet 10.100.1.14  netmask 255.255.255.0  broadcast 10.100.1.255
        ether 02:00:02:20:00:01  txqueuelen 1000  (Ethernet)

enccw0.0.a800: flags=4163<UP,BROADCAST,RUNNING,MULTICAST>  mtu 8992
        inet 192.168.2.182  netmask 255.255.255.252  broadcast 192.168.2.183
        inet6 fe80::ff:fee8:8b4a  prefixlen 64  scopeid 0x20<link>
        ether 02:00:00:e8:8b:4a  txqueuelen 3000  (Ethernet)
        RX packets 8617757316  bytes 9750477689737 (8.8 TiB)
        RX errors 0  dropped 0  overruns 0  frame 0
        TX packets 8809592642  bytes 11406687802313 (10.3 TiB)
        TX errors 0  dropped 0 overruns 0  carrier 0  collisions 0

enccw0.0.a800:1: flags=4163<UP,BROADCAST,RUNNING,MULTICAST>  mtu 8992
        inet 169.254.57.236  netmask 255.255.128.0  broadcast 169.254.127.255
        ether 02:00:00:e8:8b:4a  txqueuelen 3000  (Ethernet)

enccw0.0.a900: flags=4163<UP,BROADCAST,RUNNING,MULTICAST>  mtu 8992
        inet 192.168.2.186  netmask 255.255.255.252  broadcast 192.168.2.187
        inet6 fe80::ff:fef6:13d2  prefixlen 64  scopeid 0x20<link>
        ether 02:00:00:f6:13:d2  txqueuelen 3000  (Ethernet)
        RX packets 8617843311  bytes 9750040118025 (8.8 TiB)
        RX errors 0  dropped 0  overruns 0  frame 0
        TX packets 8807877192  bytes 11406269298868 (10.3 TiB)
        TX errors 0  dropped 0 overruns 0  carrier 0  collisions 0

enccw0.0.a900:1: flags=4163<UP,BROADCAST,RUNNING,MULTICAST>  mtu 8992
        inet 169.254.186.246  netmask 255.255.128.0  broadcast 169.254.255.255
        ether 02:00:00:f6:13:d2  txqueuelen 3000  (Ethernet)

enccw0.0.f603: flags=4163<UP,BROADCAST,RUNNING,MULTICAST>  mtu 8192
        inet 192.168.2.2  netmask 255.255.255.252  broadcast 192.168.2.3
        inet6 fe80::5c00:f6ff:fe02:5  prefixlen 64  scopeid 0x20<link>
        ether 5e:00:f6:02:00:05  txqueuelen 1000  (Ethernet)
        RX packets 1099024  bytes 93452496 (89.1 MiB)
        RX errors 0  dropped 0  overruns 0  frame 0
        TX packets 963236  bytes 92326210 (88.0 MiB)
        TX errors 0  dropped 0 overruns 0  carrier 0  collisions 0

lo: flags=73<UP,LOOPBACK,RUNNING>  mtu 16384
        inet 127.0.0.1  netmask 255.0.0.0
        inet6 ::1  prefixlen 128  scopeid 0x10<host>
        loop  txqueuelen 1  (Local Loopback)
        RX packets 1708306606  bytes 424943030356 (395.7 GiB)
        RX errors 0  dropped 0  overruns 0  frame 0
        TX packets 1708306606  bytes 424943030356 (395.7 GiB)
        TX errors 0  dropped 0 overruns 0  carrier 0  collisions 0

===============
[root@dc-core-db-02 ~]# ping dc-core-db-01
PING dc-core-db-01 (10.100.1.10) 56(84) bytes of data.
64 bytes from dc-core-db-01 (10.100.1.10): icmp_seq=1 ttl=64 time=0.333 ms
64 bytes from dc-core-db-01 (10.100.1.10): icmp_seq=2 ttl=64 time=1.42 ms
64 bytes from dc-core-db-01 (10.100.1.10): icmp_seq=3 ttl=64 time=1.67 ms
64 bytes from dc-core-db-01 (10.100.1.10): icmp_seq=4 ttl=64 time=0.584 ms
64 bytes from dc-core-db-01 (10.100.1.10): icmp_seq=5 ttl=64 time=0.662 ms
^C
--- dc-core-db-01 ping statistics ---
5 packets transmitted, 5 received, 0% packet loss, time 4015ms
rtt min/avg/max/mdev = 0.333/0.936/1.677/0.521 ms
[root@dc-core-db-02 ~]# ping dc-core-db-01
PING dc-core-db-01 (10.100.1.10) 56(84) bytes of data.
64 bytes from dc-core-db-01 (10.100.1.10): icmp_seq=1 ttl=64 time=1.22 ms
64 bytes from dc-core-db-01 (10.100.1.10): icmp_seq=2 ttl=64 time=0.668 ms
64 bytes from dc-core-db-01 (10.100.1.10): icmp_seq=3 ttl=64 time=0.487 ms
64 bytes from dc-core-db-01 (10.100.1.10): icmp_seq=4 ttl=64 time=0.499 ms
64 bytes from dc-core-db-01 (10.100.1.10): icmp_seq=5 ttl=64 time=1.39 ms
^C
--- dc-core-db-01 ping statistics ---
5 packets transmitted, 5 received, 0% packet loss, time 4009ms
rtt min/avg/max/mdev = 0.487/0.854/1.391/0.380 ms
[root@dc-core-db-02 ~]# ping dc-core-db-02
PING dc-core-db-02 (10.100.1.11) 56(84) bytes of data.
64 bytes from dc-core-db-02 (10.100.1.11): icmp_seq=1 ttl=64 time=0.013 ms
64 bytes from dc-core-db-02 (10.100.1.11): icmp_seq=2 ttl=64 time=0.015 ms
64 bytes from dc-core-db-02 (10.100.1.11): icmp_seq=3 ttl=64 time=0.016 ms
64 bytes from dc-core-db-02 (10.100.1.11): icmp_seq=4 ttl=64 time=0.444 ms
64 bytes from dc-core-db-02 (10.100.1.11): icmp_seq=5 ttl=64 time=0.021 ms
64 bytes from dc-core-db-02 (10.100.1.11): icmp_seq=6 ttl=64 time=0.021 ms
^C
--- dc-core-db-02 ping statistics ---
6 packets transmitted, 6 received, 0% packet loss, time 5016ms
rtt min/avg/max/mdev = 0.013/0.088/0.444/0.159 ms
[root@dc-core-db-02 ~]# ping dc-core-db-02
PING dc-core-db-02 (10.100.1.11) 56(84) bytes of data.
64 bytes from dc-core-db-02 (10.100.1.11): icmp_seq=1 ttl=64 time=0.012 ms
64 bytes from dc-core-db-02 (10.100.1.11): icmp_seq=2 ttl=64 time=0.015 ms
64 bytes from dc-core-db-02 (10.100.1.11): icmp_seq=3 ttl=64 time=0.023 ms
64 bytes from dc-core-db-02 (10.100.1.11): icmp_seq=4 ttl=64 time=0.380 ms
64 bytes from dc-core-db-02 (10.100.1.11): icmp_seq=5 ttl=64 time=0.018 ms
^C
--- dc-core-db-02 ping statistics ---
5 packets transmitted, 5 received, 0% packet loss, time 4011ms
rtt min/avg/max/mdev = 0.012/0.089/0.380/0.145 ms
[root@dc-core-db-02 ~]# ping dc-core-db-01-vip
PING dc-core-db-01-vip (10.100.1.12) 56(84) bytes of data.
64 bytes from dc-core-db-01-vip (10.100.1.12): icmp_seq=1 ttl=64 time=1.29 ms
64 bytes from dc-core-db-01-vip (10.100.1.12): icmp_seq=2 ttl=64 time=0.525 ms
64 bytes from dc-core-db-01-vip (10.100.1.12): icmp_seq=3 ttl=64 time=1.74 ms
64 bytes from dc-core-db-01-vip (10.100.1.12): icmp_seq=4 ttl=64 time=4.08 ms
64 bytes from dc-core-db-01-vip (10.100.1.12): icmp_seq=5 ttl=64 time=0.473 ms
^C
--- dc-core-db-01-vip ping statistics ---
5 packets transmitted, 5 received, 0% packet loss, time 4013ms
rtt min/avg/max/mdev = 0.473/1.625/4.087/1.320 ms
[root@dc-core-db-02 ~]# ping dc-core-db-01-vip
PING dc-core-db-01-vip (10.100.1.12) 56(84) bytes of data.
64 bytes from dc-core-db-01-vip (10.100.1.12): icmp_seq=1 ttl=64 time=0.307 ms
64 bytes from dc-core-db-01-vip (10.100.1.12): icmp_seq=2 ttl=64 time=1.19 ms
64 bytes from dc-core-db-01-vip (10.100.1.12): icmp_seq=3 ttl=64 time=2.60 ms
64 bytes from dc-core-db-01-vip (10.100.1.12): icmp_seq=4 ttl=64 time=1.08 ms
64 bytes from dc-core-db-01-vip (10.100.1.12): icmp_seq=5 ttl=64 time=0.748 ms
^C
--- dc-core-db-01-vip ping statistics ---
5 packets transmitted, 5 received, 0% packet loss, time 4002ms
rtt min/avg/max/mdev = 0.307/1.189/2.607/0.774 ms
[root@dc-core-db-02 ~]# ping dc-core-db-02-vip
PING dc-core-db-02-vip (10.100.1.13) 56(84) bytes of data.
64 bytes from dc-core-db-02-vip (10.100.1.13): icmp_seq=1 ttl=64 time=0.009 ms
64 bytes from dc-core-db-02-vip (10.100.1.13): icmp_seq=2 ttl=64 time=0.058 ms
64 bytes from dc-core-db-02-vip (10.100.1.13): icmp_seq=3 ttl=64 time=0.035 ms
64 bytes from dc-core-db-02-vip (10.100.1.13): icmp_seq=4 ttl=64 time=0.013 ms
64 bytes from dc-core-db-02-vip (10.100.1.13): icmp_seq=5 ttl=64 time=0.017 ms
^C
--- dc-core-db-02-vip ping statistics ---
5 packets transmitted, 5 received, 0% packet loss, time 4013ms
rtt min/avg/max/mdev = 0.009/0.026/0.058/0.018 ms
[root@dc-core-db-02 ~]# ping dc-core-db-02-vip
PING dc-core-db-02-vip (10.100.1.13) 56(84) bytes of data.
64 bytes from dc-core-db-02-vip (10.100.1.13): icmp_seq=1 ttl=64 time=0.009 ms
64 bytes from dc-core-db-02-vip (10.100.1.13): icmp_seq=2 ttl=64 time=0.016 ms
64 bytes from dc-core-db-02-vip (10.100.1.13): icmp_seq=3 ttl=64 time=0.018 ms
64 bytes from dc-core-db-02-vip (10.100.1.13): icmp_seq=4 ttl=64 time=0.019 ms
64 bytes from dc-core-db-02-vip (10.100.1.13): icmp_seq=5 ttl=64 time=0.020 ms
^C
--- dc-core-db-02-vip ping statistics ---
5 packets transmitted, 5 received, 0% packet loss, time 4019ms
rtt min/avg/max/mdev = 0.009/0.016/0.020/0.005 ms
[root@dc-core-db-02 ~]# ping dc-core-db-scan
PING dc-core-db-scan.techcombank.com.vn (10.100.1.14) 56(84) bytes of data.
64 bytes from dc-core-db-02 (10.100.1.14): icmp_seq=1 ttl=64 time=0.012 ms
64 bytes from dc-core-db-02 (10.100.1.14): icmp_seq=2 ttl=64 time=0.014 ms
64 bytes from dc-core-db-02 (10.100.1.14): icmp_seq=3 ttl=64 time=0.135 ms
64 bytes from dc-core-db-02 (10.100.1.14): icmp_seq=4 ttl=64 time=0.015 ms
64 bytes from dc-core-db-02 (10.100.1.14): icmp_seq=5 ttl=64 time=0.012 ms
64 bytes from dc-core-db-02 (10.100.1.14): icmp_seq=6 ttl=64 time=0.060 ms
^C
--- dc-core-db-scan.techcombank.com.vn ping statistics ---
6 packets transmitted, 6 received, 0% packet loss, time 5004ms
rtt min/avg/max/mdev = 0.012/0.041/0.135/0.045 ms
[root@dc-core-db-02 ~]# ping dc-core-db-scan
PING dc-core-db-scan.techcombank.com.vn (10.100.1.15) 56(84) bytes of data.
64 bytes from 10.100.1.15 (10.100.1.15): icmp_seq=1 ttl=64 time=0.435 ms
64 bytes from 10.100.1.15 (10.100.1.15): icmp_seq=2 ttl=64 time=0.807 ms
64 bytes from 10.100.1.15 (10.100.1.15): icmp_seq=3 ttl=64 time=0.398 ms
64 bytes from 10.100.1.15 (10.100.1.15): icmp_seq=4 ttl=64 time=0.301 ms
64 bytes from 10.100.1.15 (10.100.1.15): icmp_seq=5 ttl=64 time=0.421 ms
64 bytes from 10.100.1.15 (10.100.1.15): icmp_seq=6 ttl=64 time=1.48 ms
64 bytes from 10.100.1.15 (10.100.1.15): icmp_seq=7 ttl=64 time=0.623 ms
^C
--- dc-core-db-scan.techcombank.com.vn ping statistics ---
7 packets transmitted, 7 received, 0% packet loss, time 6006ms
rtt min/avg/max/mdev = 0.301/0.638/1.483/0.378 ms
[root@dc-core-db-02 ~]# ping dc-core-db-scan
PING dc-core-db-scan.techcombank.com.vn (10.100.1.14) 56(84) bytes of data.
64 bytes from dc-core-db-02 (10.100.1.14): icmp_seq=1 ttl=64 time=0.015 ms
64 bytes from dc-core-db-02 (10.100.1.14): icmp_seq=2 ttl=64 time=0.021 ms
64 bytes from dc-core-db-02 (10.100.1.14): icmp_seq=3 ttl=64 time=0.311 ms
64 bytes from dc-core-db-02 (10.100.1.14): icmp_seq=4 ttl=64 time=0.013 ms
64 bytes from dc-core-db-02 (10.100.1.14): icmp_seq=5 ttl=64 time=0.016 ms
64 bytes from dc-core-db-02 (10.100.1.14): icmp_seq=6 ttl=64 time=0.056 ms
^C
--- dc-core-db-scan.techcombank.com.vn ping statistics ---
6 packets transmitted, 6 received, 0% packet loss, time 5005ms
rtt min/avg/max/mdev = 0.013/0.072/0.311/0.107 ms
[root@dc-core-db-02 ~]# ping dc-core-db-scan
PING dc-core-db-scan.techcombank.com.vn (10.100.1.14) 56(84) bytes of data.
64 bytes from dc-core-db-02 (10.100.1.14): icmp_seq=1 ttl=64 time=0.012 ms
64 bytes from dc-core-db-02 (10.100.1.14): icmp_seq=2 ttl=64 time=0.014 ms
64 bytes from dc-core-db-02 (10.100.1.14): icmp_seq=3 ttl=64 time=0.016 ms
^C
--- dc-core-db-scan.techcombank.com.vn ping statistics ---
3 packets transmitted, 3 received, 0% packet loss, time 2001ms
rtt min/avg/max/mdev = 0.012/0.014/0.016/0.001 ms
[root@dc-core-db-02 ~]# ping dc-core-db-scan
PING dc-core-db-scan.techcombank.com.vn (10.100.1.15) 56(84) bytes of data.
64 bytes from 10.100.1.15 (10.100.1.15): icmp_seq=1 ttl=64 time=0.486 ms
64 bytes from 10.100.1.15 (10.100.1.15): icmp_seq=2 ttl=64 time=0.478 ms
64 bytes from 10.100.1.15 (10.100.1.15): icmp_seq=3 ttl=64 time=0.459 ms
64 bytes from 10.100.1.15 (10.100.1.15): icmp_seq=4 ttl=64 time=2.38 ms
^C
--- dc-core-db-scan.techcombank.com.vn ping statistics ---
4 packets transmitted, 4 received, 0% packet loss, time 3009ms
rtt min/avg/max/mdev = 0.459/0.952/2.385/0.827 ms
[root@dc-core-db-02 ~]# ping dc-core-db-scan
PING dc-core-db-scan.techcombank.com.vn (10.100.1.14) 56(84) bytes of data.
64 bytes from dc-core-db-02 (10.100.1.14): icmp_seq=1 ttl=64 time=0.099 ms
64 bytes from dc-core-db-02 (10.100.1.14): icmp_seq=2 ttl=64 time=0.013 ms
64 bytes from dc-core-db-02 (10.100.1.14): icmp_seq=3 ttl=64 time=0.014 ms
64 bytes from dc-core-db-02 (10.100.1.14): icmp_seq=4 ttl=64 time=0.015 ms
^C
--- dc-core-db-scan.techcombank.com.vn ping statistics ---
4 packets transmitted, 4 received, 0% packet loss, time 3000ms
rtt min/avg/max/mdev = 0.013/0.035/0.099/0.037 ms
[root@dc-core-db-02 ~]#


===============
[root@dc-core-db-02 ~]# /bin/ping -s 1500 -c 2 -I 10.100.1.11  dc-core-db-01
PING dc-core-db-01 (10.100.1.10) from 10.100.1.11 : 1500(1528) bytes of data.
1508 bytes from dc-core-db-01 (10.100.1.10): icmp_seq=1 ttl=64 time=5.46 ms
1508 bytes from dc-core-db-01 (10.100.1.10): icmp_seq=2 ttl=64 time=1.28 ms

--- dc-core-db-01 ping statistics ---
2 packets transmitted, 2 received, 0% packet loss, time 1001ms
rtt min/avg/max/mdev = 1.286/3.375/5.465/2.090 ms
[root@dc-core-db-02 ~]# /bin/ping -s 1500 -c 2 -I 10.100.1.11  dc-core-db-02
PING dc-core-db-02 (10.100.1.11) from 10.100.1.11 : 1500(1528) bytes of data.
1508 bytes from dc-core-db-02 (10.100.1.11): icmp_seq=1 ttl=64 time=12.1 ms
1508 bytes from dc-core-db-02 (10.100.1.11): icmp_seq=2 ttl=64 time=0.014 ms

--- dc-core-db-02 ping statistics ---
2 packets transmitted, 2 received, 0% packet loss, time 1001ms
rtt min/avg/max/mdev = 0.014/6.086/12.158/6.072 ms
[root@dc-core-db-02 ~]# /bin/ping -s 1500 -c 2 -I 192.168.2.182  192.168.2.181
PING 192.168.2.181 (192.168.2.181) from 192.168.2.182 : 1500(1528) bytes of data.
1508 bytes from 192.168.2.181: icmp_seq=1 ttl=64 time=0.300 ms
1508 bytes from 192.168.2.181: icmp_seq=2 ttl=64 time=0.728 ms

--- 192.168.2.181 ping statistics ---
2 packets transmitted, 2 received, 0% packet loss, time 1001ms
rtt min/avg/max/mdev = 0.300/0.514/0.728/0.214 ms
[root@dc-core-db-02 ~]# /bin/ping -s 1500 -c 2 -I 192.168.2.182  192.168.2.182
PING 192.168.2.182 (192.168.2.182) from 192.168.2.182 : 1500(1528) bytes of data.
1508 bytes from 192.168.2.182: icmp_seq=1 ttl=64 time=0.024 ms
1508 bytes from 192.168.2.182: icmp_seq=2 ttl=64 time=0.018 ms

--- 192.168.2.182 ping statistics ---
2 packets transmitted, 2 received, 0% packet loss, time 999ms
rtt min/avg/max/mdev = 0.018/0.021/0.024/0.003 ms
[root@dc-core-db-02 ~]# /bin/ping -s 1500 -c 2 -I 192.168.2.182  192.168.2.185
PING 192.168.2.185 (192.168.2.185) from 192.168.2.182 : 1500(1528) bytes of data.
1508 bytes from 192.168.2.185: icmp_seq=1 ttl=64 time=0.451 ms
1508 bytes from 192.168.2.185: icmp_seq=2 ttl=64 time=0.188 ms

--- 192.168.2.185 ping statistics ---
2 packets transmitted, 2 received, 0% packet loss, time 1004ms
rtt min/avg/max/mdev = 0.188/0.319/0.451/0.132 ms
[root@dc-core-db-02 ~]# /bin/ping -s 1500 -c 2 -I 192.168.2.182  192.168.2.186
PING 192.168.2.186 (192.168.2.186) from 192.168.2.182 : 1500(1528) bytes of data.
1508 bytes from 192.168.2.186: icmp_seq=1 ttl=64 time=0.015 ms
1508 bytes from 192.168.2.186: icmp_seq=2 ttl=64 time=0.019 ms

--- 192.168.2.186 ping statistics ---
2 packets transmitted, 2 received, 0% packet loss, time 1005ms
rtt min/avg/max/mdev = 0.015/0.017/0.019/0.002 ms
[root@dc-core-db-02 ~]# /bin/ping -s 1500 -c 2 -I 192.168.2.182  169.254.97.24
PING 169.254.97.24 (169.254.97.24) from 192.168.2.182 : 1500(1528) bytes of data.
1508 bytes from 169.254.97.24: icmp_seq=1 ttl=64 time=0.324 ms
1508 bytes from 169.254.97.24: icmp_seq=2 ttl=64 time=0.211 ms

--- 169.254.97.24 ping statistics ---
2 packets transmitted, 2 received, 0% packet loss, time 999ms
rtt min/avg/max/mdev = 0.211/0.267/0.324/0.058 ms
[root@dc-core-db-02 ~]# /bin/ping -s 1500 -c 2 -I 192.168.2.182  169.254.57.236
PING 169.254.57.236 (169.254.57.236) from 192.168.2.182 : 1500(1528) bytes of data.
1508 bytes from 169.254.57.236: icmp_seq=1 ttl=64 time=0.049 ms
1508 bytes from 169.254.57.236: icmp_seq=2 ttl=64 time=0.017 ms

--- 169.254.57.236 ping statistics ---
2 packets transmitted, 2 received, 0% packet loss, time 999ms
rtt min/avg/max/mdev = 0.017/0.033/0.049/0.016 ms
[root@dc-core-db-02 ~]# /bin/ping -s 1500 -c 2 -I 192.168.2.182  169.254.248.217
PING 169.254.248.217 (169.254.248.217) from 192.168.2.182 : 1500(1528) bytes of data.
1508 bytes from 169.254.248.217: icmp_seq=1 ttl=64 time=0.149 ms
1508 bytes from 169.254.248.217: icmp_seq=2 ttl=64 time=0.131 ms

--- 169.254.248.217 ping statistics ---
2 packets transmitted, 2 received, 0% packet loss, time 999ms
rtt min/avg/max/mdev = 0.131/0.140/0.149/0.009 ms
[root@dc-core-db-02 ~]# /bin/ping -s 1500 -c 2 -I 192.168.2.182  169.254.186.246
PING 169.254.186.246 (169.254.186.246) from 192.168.2.182 : 1500(1528) bytes of data.
1508 bytes from 169.254.186.246: icmp_seq=1 ttl=64 time=0.015 ms
1508 bytes from 169.254.186.246: icmp_seq=2 ttl=64 time=0.014 ms

--- 169.254.186.246 ping statistics ---
2 packets transmitted, 2 received, 0% packet loss, time 999ms
rtt min/avg/max/mdev = 0.014/0.014/0.015/0.003 ms
[root@dc-core-db-02 ~]# /bin/ping -s 1500 -c 2 -I 192.168.2.186  192.168.2.181
PING 192.168.2.181 (192.168.2.181) from 192.168.2.186 : 1500(1528) bytes of data.
1508 bytes from 192.168.2.181: icmp_seq=1 ttl=64 time=0.147 ms
1508 bytes from 192.168.2.181: icmp_seq=2 ttl=64 time=0.753 ms

--- 192.168.2.181 ping statistics ---
2 packets transmitted, 2 received, 0% packet loss, time 1001ms
rtt min/avg/max/mdev = 0.147/0.450/0.753/0.303 ms
[root@dc-core-db-02 ~]# /bin/ping -s 1500 -c 2 -I 192.168.2.186  192.168.2.182
PING 192.168.2.182 (192.168.2.182) from 192.168.2.186 : 1500(1528) bytes of data.
1508 bytes from 192.168.2.182: icmp_seq=1 ttl=64 time=0.015 ms
1508 bytes from 192.168.2.182: icmp_seq=2 ttl=64 time=0.014 ms

--- 192.168.2.182 ping statistics ---
2 packets transmitted, 2 received, 0% packet loss, time 999ms
rtt min/avg/max/mdev = 0.014/0.014/0.015/0.003 ms
[root@dc-core-db-02 ~]# /bin/ping -s 1500 -c 2 -I 192.168.2.186  192.168.2.185
PING 192.168.2.185 (192.168.2.185) from 192.168.2.186 : 1500(1528) bytes of data.
1508 bytes from 192.168.2.185: icmp_seq=1 ttl=64 time=0.165 ms
1508 bytes from 192.168.2.185: icmp_seq=2 ttl=64 time=0.158 ms

--- 192.168.2.185 ping statistics ---
2 packets transmitted, 2 received, 0% packet loss, time 1000ms
rtt min/avg/max/mdev = 0.158/0.161/0.165/0.013 ms
[root@dc-core-db-02 ~]# /bin/ping -s 1500 -c 2 -I 192.168.2.186  192.168.2.186
PING 192.168.2.186 (192.168.2.186) from 192.168.2.186 : 1500(1528) bytes of data.
1508 bytes from 192.168.2.186: icmp_seq=1 ttl=64 time=0.011 ms
1508 bytes from 192.168.2.186: icmp_seq=2 ttl=64 time=0.042 ms

--- 192.168.2.186 ping statistics ---
2 packets transmitted, 2 received, 0% packet loss, time 999ms
rtt min/avg/max/mdev = 0.011/0.026/0.042/0.016 ms
[root@dc-core-db-02 ~]# /bin/ping -s 1500 -c 2 -I 192.168.2.186  169.254.97.24
PING 169.254.97.24 (169.254.97.24) from 192.168.2.186 : 1500(1528) bytes of data.
1508 bytes from 169.254.97.24: icmp_seq=1 ttl=64 time=0.125 ms
1508 bytes from 169.254.97.24: icmp_seq=2 ttl=64 time=1.62 ms

--- 169.254.97.24 ping statistics ---
2 packets transmitted, 2 received, 0% packet loss, time 999ms
rtt min/avg/max/mdev = 0.125/0.875/1.625/0.750 ms
[root@dc-core-db-02 ~]#
[root@dc-core-db-02 ~]# /bin/ping -s 1500 -c 2 -I 192.168.2.186  169.254.57.236
PING 169.254.57.236 (169.254.57.236) from 192.168.2.186 : 1500(1528) bytes of data.
1508 bytes from 169.254.57.236: icmp_seq=1 ttl=64 time=0.018 ms
1508 bytes from 169.254.57.236: icmp_seq=2 ttl=64 time=0.012 ms

--- 169.254.57.236 ping statistics ---
2 packets transmitted, 2 received, 0% packet loss, time 999ms
rtt min/avg/max/mdev = 0.012/0.015/0.018/0.003 ms
[root@dc-core-db-02 ~]# /bin/ping -s 1500 -c 2 -I 192.168.2.186  169.254.248.217
PING 169.254.248.217 (169.254.248.217) from 192.168.2.186 : 1500(1528) bytes of data.
1508 bytes from 169.254.248.217: icmp_seq=1 ttl=64 time=0.117 ms
1508 bytes from 169.254.248.217: icmp_seq=2 ttl=64 time=0.303 ms

--- 169.254.248.217 ping statistics ---
2 packets transmitted, 2 received, 0% packet loss, time 1001ms
rtt min/avg/max/mdev = 0.117/0.210/0.303/0.093 ms
[root@dc-core-db-02 ~]# /bin/ping -s 1500 -c 2 -I 192.168.2.186  169.254.186.246
PING 169.254.186.246 (169.254.186.246) from 192.168.2.186 : 1500(1528) bytes of data.
1508 bytes from 169.254.186.246: icmp_seq=1 ttl=64 time=0.011 ms
1508 bytes from 169.254.186.246: icmp_seq=2 ttl=64 time=0.019 ms

--- 169.254.186.246 ping statistics ---
2 packets transmitted, 2 received, 0% packet loss, time 999ms
rtt min/avg/max/mdev = 0.011/0.015/0.019/0.004 ms
[root@dc-core-db-02 ~]#

===============
[root@dc-core-db-02 ~]# /bin/traceroute -s 192.168.2.182  -r -F 192.168.2.181  1472
traceroute to 192.168.2.181 (192.168.2.181), 30 hops max, 1472 byte packets
 1  192.168.2.181 (192.168.2.181)  0.215 ms  0.321 ms *
[root@dc-core-db-02 ~]# /bin/traceroute -s 192.168.2.182  -r -F 192.168.2.182  1472
traceroute to 192.168.2.182 (192.168.2.182), 30 hops max, 1472 byte packets
 1  dc-core-db-02 (192.168.2.182)  0.014 ms  0.003 ms  0.002 ms
[root@dc-core-db-02 ~]# /bin/traceroute -s 192.168.2.182  -r -F 192.168.2.185  1472
traceroute to 192.168.2.185 (192.168.2.185), 30 hops max, 1472 byte packets
 1  192.168.2.185 (192.168.2.185)  0.238 ms  0.178 ms *
[root@dc-core-db-02 ~]# /bin/traceroute -s 192.168.2.182  -r -F 192.168.2.186  1472
traceroute to 192.168.2.186 (192.168.2.186), 30 hops max, 1472 byte packets
 1  dc-core-db-02 (192.168.2.186)  0.019 ms  0.003 ms  0.003 ms
[root@dc-core-db-02 ~]# /bin/traceroute -s 192.168.2.182  -r -F 169.254.97.24  1472
traceroute to 169.254.97.24 (169.254.97.24), 30 hops max, 1472 byte packets
 1  169.254.97.24 (169.254.97.24)  0.114 ms  0.334 ms  0.169 ms
[root@dc-core-db-02 ~]# /bin/traceroute -s 192.168.2.182  -r -F 169.254.57.236  1472
traceroute to 169.254.57.236 (169.254.57.236), 30 hops max, 1472 byte packets
 1  dc-core-db-02 (169.254.57.236)  0.018 ms  0.005 ms  0.004 ms
[root@dc-core-db-02 ~]# /bin/traceroute -s 192.168.2.182  -r -F 169.254.248.217  1472
traceroute to 169.254.248.217 (169.254.248.217), 30 hops max, 1472 byte packets
 1  169.254.248.217 (169.254.248.217)  0.157 ms  0.112 ms  0.131 ms
[root@dc-core-db-02 ~]# /bin/traceroute -s 192.168.2.182  -r -F 169.254.186.246  1472
traceroute to 169.254.186.246 (169.254.186.246), 30 hops max, 1472 byte packets
 1  dc-core-db-02 (169.254.186.246)  0.017 ms  0.004 ms  0.004 ms
[root@dc-core-db-02 ~]# /bin/traceroute -s 192.168.2.186  -r -F 192.168.2.181  1472
traceroute to 192.168.2.181 (192.168.2.181), 30 hops max, 1472 byte packets
 1  192.168.2.181 (192.168.2.181)  0.120 ms  0.189 ms  0.126 ms
[root@dc-core-db-02 ~]# /bin/traceroute -s 192.168.2.186  -r -F 192.168.2.182  1472
traceroute to 192.168.2.182 (192.168.2.182), 30 hops max, 1472 byte packets
 1  dc-core-db-02 (192.168.2.182)  0.041 ms  0.013 ms  0.003 ms
[root@dc-core-db-02 ~]# /bin/traceroute -s 192.168.2.186  -r -F 192.168.2.185  1472
traceroute to 192.168.2.185 (192.168.2.185), 30 hops max, 1472 byte packets
 1  192.168.2.185 (192.168.2.185)  0.228 ms  0.167 ms  0.233 ms
[root@dc-core-db-02 ~]# /bin/traceroute -s 192.168.2.186  -r -F 192.168.2.186  1472
traceroute to 192.168.2.186 (192.168.2.186), 30 hops max, 1472 byte packets
 1  dc-core-db-02 (192.168.2.186)  0.015 ms  0.003 ms  0.003 ms
[root@dc-core-db-02 ~]# /bin/traceroute -s 192.168.2.186  -r -F 169.254.97.24  1472
traceroute to 169.254.97.24 (169.254.97.24), 30 hops max, 1472 byte packets
 1  * * *
 2  * 169.254.97.24 (169.254.97.24)  0.843 ms  0.834 ms
[root@dc-core-db-02 ~]# /bin/traceroute -s 192.168.2.186  -r -F 169.254.57.236  1472
traceroute to 169.254.57.236 (169.254.57.236), 30 hops max, 1472 byte packets
 1  dc-core-db-02 (169.254.57.236)  0.019 ms  0.004 ms  0.003 ms
[root@dc-core-db-02 ~]# /bin/traceroute -s 192.168.2.186  -r -F 169.254.248.217  1472
traceroute to 169.254.248.217 (169.254.248.217), 30 hops max, 1472 byte packets
 1  * 169.254.248.217 (169.254.248.217)  0.174 ms *
[root@dc-core-db-02 ~]# /bin/traceroute -s 192.168.2.186  -r -F 169.254.186.246  1472
traceroute to 169.254.186.246 (169.254.186.246), 30 hops max, 1472 byte packets
 1  dc-core-db-02 (169.254.186.246)  0.149 ms  0.134 ms  0.129 ms
 
 
 ===============
 [root@dc-core-db-02 ~]# ping -c 2 dc-core-db-01-vip
PING dc-core-db-01-vip (10.100.1.12) 56(84) bytes of data.
64 bytes from dc-core-db-01-vip (10.100.1.12): icmp_seq=1 ttl=64 time=1.07 ms
64 bytes from dc-core-db-01-vip (10.100.1.12): icmp_seq=2 ttl=64 time=1.05 ms

--- dc-core-db-01-vip ping statistics ---
2 packets transmitted, 2 received, 0% packet loss, time 1000ms
rtt min/avg/max/mdev = 1.056/1.067/1.079/0.034 ms
[root@dc-core-db-02 ~]# ping -c 2 dc-core-db-02-vip
PING dc-core-db-02-vip (10.100.1.13) 56(84) bytes of data.
64 bytes from dc-core-db-02-vip (10.100.1.13): icmp_seq=1 ttl=64 time=0.013 ms
64 bytes from dc-core-db-02-vip (10.100.1.13): icmp_seq=2 ttl=64 time=0.014 ms

--- dc-core-db-02-vip ping statistics ---
2 packets transmitted, 2 received, 0% packet loss, time 999ms
rtt min/avg/max/mdev = 0.013/0.013/0.014/0.003 ms

===============
[root@dc-core-db-02 ~]# ping -s 1500 -c 2 -I 10.100.1.11 dc-core-db-scan
PING dc-core-db-scan.techcombank.com.vn (10.100.1.14) from 10.100.1.11 : 1500(1528) bytes of data.
1508 bytes from dc-core-db-02 (10.100.1.14): icmp_seq=1 ttl=64 time=0.014 ms
1508 bytes from dc-core-db-02 (10.100.1.14): icmp_seq=2 ttl=64 time=0.016 ms

--- dc-core-db-scan.techcombank.com.vn ping statistics ---
2 packets transmitted, 2 received, 0% packet loss, time 1001ms
rtt min/avg/max/mdev = 0.014/0.015/0.016/0.001 ms
[root@dc-core-db-02 ~]# ping -s 1500 -c 2 -I 10.100.1.11 dc-core-db-scan
PING dc-core-db-scan.techcombank.com.vn (10.100.1.15) from 10.100.1.11 : 1500(1528) bytes of data.
1508 bytes from 10.100.1.15 (10.100.1.15): icmp_seq=1 ttl=64 time=1.02 ms
1508 bytes from 10.100.1.15 (10.100.1.15): icmp_seq=2 ttl=64 time=1.06 ms

--- dc-core-db-scan.techcombank.com.vn ping statistics ---
2 packets transmitted, 2 received, 0% packet loss, time 1001ms
rtt min/avg/max/mdev = 1.023/1.042/1.062/0.037 ms

===============
[root@dc-core-db-02 ~]# nslookup dc-core-db-01-vip
Server:         10.98.1.91
Address:        10.98.1.91#53

Name:   dc-core-db-01-vip.techcombank.com.vn
Address: 10.100.1.12

[root@dc-core-db-02 ~]# nslookup dc-core-db-02-vip
Server:         10.98.1.91
Address:        10.98.1.91#53

Name:   dc-core-db-02-vip.techcombank.com.vn
Address: 10.100.1.13

[root@dc-core-db-02 ~]# nslookup dc-core-db-scan
Server:         10.98.1.91
Address:        10.98.1.91#53

Name:   dc-core-db-scan.techcombank.com.vn
Address: 10.100.1.16
Name:   dc-core-db-scan.techcombank.com.vn
Address: 10.100.1.14
Name:   dc-core-db-scan.techcombank.com.vn
Address: 10.100.1.15

===============
[root@dc-core-db-02 ~]# /bin/grep ^hosts /etc/nsswitch.conf
hosts:      files dns myhostname

===============
[root@dc-core-db-02 ~]# cat /etc/hosts
127.0.0.1   localhost localhost.localdomain localhost4 localhost4.localdomain4
::1         localhost localhost.localdomain localhost6 localhost6.localdomain6

################# RAC IPs #################

10.100.1.10 dc-core-db-01
10.100.1.11 dc-core-db-02

10.100.1.12 dc-core-db-01-vip
10.100.1.13 dc-core-db-02-vip

192.168.2.1 dc-core-db-01-ss
192.168.2.2 dc-core-db-02-ss
10.97.8.10              dc-backup-01.headquarter.techcombank.com.vn     dc-backup-01
10.97.8.136             dr-backup-01.headquarter.techcombank.com.vn     dr-backup-01
10.97.8.137             dr-backup-02.headquarter.techcombank.com.vn     dr-backup-02
10.97.8.138             dr-backup-03.headquarter.techcombank.com.vn     dr-backup-03
10.97.4.155     dc-em13c-app    dc-em13c-app.techcombank.com.vn

===============
===============